python : INFO 2025-09-25 12:06:27,659 schema 31836 
8448 Discovered 10 models: ['LogEntry', 'Permission', 
'Group', 'User', 'ContentType', 'Session', 
'Category', 'Tag', 'Post', 'Comment']
Au caractère Ligne:1 : 1
+ python test_nested_field_priority.py > 
test_output.txt 2>&1
+ ~~~~~~~~~~~~~~~~~~~~~~~~~~~~~~~~~~~~~~~~~~~~~~~~~~~~
~~~~~~~
    + CategoryInfo          : NotSpecified: (INFO 202 
   5-09-25...st', 'Comment']:String) [], RemoteExcep  
  tion
    + FullyQualifiedErrorId : NativeCommandError
 
DEBUG 2025-09-25 12:06:27,710 schema 31836 8448 
Generated 3 mutations for model LogEntry: 
['create_logentry', 'update_logentry', 
'delete_logentry']
DEBUG 2025-09-25 12:06:27,713 schema 31836 8448 
Generated 3 mutations for model Permission: 
['create_permission', 'update_permission', 
'delete_permission']
DEBUG 2025-09-25 12:06:27,717 schema 31836 8448 
Generated 3 mutations for model Group: 
['create_group', 'update_group', 'delete_group']
DEBUG 2025-09-25 12:06:27,721 schema 31836 8448 
Generated 3 mutations for model User: ['create_user', 
'update_user', 'delete_user']
DEBUG 2025-09-25 12:06:27,726 schema 31836 8448 
Generated 3 mutations for model ContentType: 
['create_contenttype', 'update_contenttype', 
'delete_contenttype']
DEBUG 2025-09-25 12:06:27,729 schema 31836 8448 
Generated 3 mutations for model Session: 
['create_session', 'update_session', 'delete_session']
DEBUG 2025-09-25 12:06:27,732 schema 31836 8448 
Generated 3 mutations for model Category: 
['create_category', 'update_category', 
'delete_category']
DEBUG 2025-09-25 12:06:27,735 schema 31836 8448 
Generated 3 mutations for model Tag: ['create_tag', 
'update_tag', 'delete_tag']
DEBUG 2025-09-25 12:06:27,738 schema 31836 8448 
Generated 3 mutations for model Post: ['create_post', 
'update_post', 'delete_post']
DEBUG 2025-09-25 12:06:27,741 schema 31836 8448 
Generated 3 mutations for model Comment: 
['create_comment', 'update_comment', 'delete_comment']
INFO 2025-09-25 12:06:27,741 schema 31836 8448 Total 
mutations generated: 30
DEBUG 2025-09-25 12:06:27,741 schema 31836 8448 
Mutation fields: ['create_logentry', 
'update_logentry', 'delete_logentry', 
'create_permission', 'update_permission', 
'delete_permission', 'create_group', 'update_group', 
'delete_group', 'create_user', 'update_user', 
'delete_user', 'create_contenttype', 
'update_contenttype', 'delete_contenttype', 
'create_session', 'update_session', 'delete_session', 
'create_category', 'update_category', 
'delete_category', 'create_tag', 'update_tag', 
'delete_tag', 'create_post', 'update_post', 
'delete_post', 'create_comment', 'update_comment', 
'delete_comment']
INFO 2025-09-25 12:06:27,741 schema 31836 8448 After 
generation - Query fields: 30, Mutation fields: 30
INFO 2025-09-25 12:06:27,743 schema 31836 8448 
Checking mutation fields: 30 mutations found
INFO 2025-09-25 12:06:27,743 schema 31836 8448 
Creating Mutation type with fields: 
['create_logentry', 'update_logentry', 
'delete_logentry', 'create_permission', 
'update_permission', 'delete_permission', 
'create_group', 'update_group', 'delete_group', 
'create_user', 'update_user', 'delete_user', 
'create_contenttype', 'update_contenttype', 
'delete_contenttype', 'create_session', 
'update_session', 'delete_session', 
'create_category', 'update_category', 
'delete_category', 'create_tag', 'update_tag', 
'delete_tag', 'create_post', 'update_post', 
'delete_post', 'create_comment', 'update_comment', 
'delete_comment']
INFO 2025-09-25 12:06:27,759 schema 31836 8448 Schema 
rebuilt successfully (version 1)
 - Models: 10
 - Queries: 30
 - Mutations: 30
Traceback (most recent call last):
  File "test_nested_field_priority.py", line 242, in 
<module>
    print("\U0001f680 Starting nested field priority 
tests...\n")
  File "E:\Projects\RAIL_LOGISTIC\AI\Graphql Schema\ve
nv\lib\site-packages\colorama\ansitowin32.py", line 
47, in write
    self.__convertor.write(text)
  File "E:\Projects\RAIL_LOGISTIC\AI\Graphql Schema\ve
nv\lib\site-packages\colorama\ansitowin32.py", line 
177, in write
    self.write_and_convert(text)
  File "E:\Projects\RAIL_LOGISTIC\AI\Graphql Schema\ve
nv\lib\site-packages\colorama\ansitowin32.py", line 
205, in write_and_convert
    self.write_plain_text(text, cursor, len(text))
  File "E:\Projects\RAIL_LOGISTIC\AI\Graphql Schema\ve
nv\lib\site-packages\colorama\ansitowin32.py", line 
210, in write_plain_text
    self.wrapped.write(text[start:end])
  File "C:\Users\khale\AppData\Local\Programs\Python\P
ython38\lib\encodings\cp1252.py", line 19, in encode
    return codecs.charmap_encode(input,self.errors,enc
oding_table)[0]
UnicodeEncodeError: 'charmap' codec can't encode 
character '\U0001f680' in position 0: character maps 
to <undefined>
